
        ⚠️ УВЕДОМЛЕНИЕ ОБ УГРОЗЕ [2026-03-11 19:52:33]
        ━━━━━━━━━━━━━━━━━━━━━━━━━━━━━━━━━
        📋 Тип: High Severity Alert
        📌 Источник: Suricata
        🔍 Детали: ET MALWARE Known malicious IP
        ⚡ Уровень: HIGH
        
   🌐 IP-адрес: 45.33.22.11
   📡 Протокол: TCP
   ━━━━━━━━━━━━━━━━━━━━━━━━━━━━━━━━━

        ⚠️ УВЕДОМЛЕНИЕ ОБ УГРОЗЕ [2026-03-11 19:52:33]
        ━━━━━━━━━━━━━━━━━━━━━━━━━━━━━━━━━
        📋 Тип: High Severity Alert
        📌 Источник: Suricata
        🔍 Детали: ET TROJAN Possible C2 Communication
        ⚡ Уровень: HIGH
        
   🌐 IP-адрес: 185.130.5.23
   📡 Протокол: HTTP
   ━━━━━━━━━━━━━━━━━━━━━━━━━━━━━━━━━

        ⚠️ УВЕДОМЛЕНИЕ ОБ УГРОЗЕ [2026-03-11 19:52:33]
        ━━━━━━━━━━━━━━━━━━━━━━━━━━━━━━━━━
        📋 Тип: High Severity Alert
        📌 Источник: Suricata
        🔍 Детали: ET MALWARE Known malicious domain
        ⚡ Уровень: HIGH
        
   🌐 IP-адрес: 31.13.79.246
   📡 Протокол: HTTPS
   ━━━━━━━━━━━━━━━━━━━━━━━━━━━━━━━━━

        ⚠️ УВЕДОМЛЕНИЕ ОБ УГРОЗЕ [2026-03-11 19:52:33]
        ━━━━━━━━━━━━━━━━━━━━━━━━━━━━━━━━━
        📋 Тип: High Severity Alert
        📌 Источник: Suricata
        🔍 Детали: ET MALWARE Repeated connection to malicious IP
        ⚡ Уровень: HIGH
        
   🌐 IP-адрес: 185.130.5.23
   📡 Протокол: TCP
   ━━━━━━━━━━━━━━━━━━━━━━━━━━━━━━━━━

        ⚠️ УВЕДОМЛЕНИЕ ОБ УГРОЗЕ [2026-03-11 19:52:33]
        ━━━━━━━━━━━━━━━━━━━━━━━━━━━━━━━━━
        📋 Тип: High Severity Alert
        📌 Источник: Suricata
        🔍 Детали: ET ATTACK Possible brute force attempt
        ⚡ Уровень: HIGH
        
   🌐 IP-адрес: 5.45.76.89
   📡 Протокол: SSH
   ━━━━━━━━━━━━━━━━━━━━━━━━━━━━━━━━━

        ⚠️ УВЕДОМЛЕНИЕ ОБ УГРОЗЕ [2026-03-11 19:52:33]
        ━━━━━━━━━━━━━━━━━━━━━━━━━━━━━━━━━
        📋 Тип: High Severity Alert
        📌 Источник: Suricata
        🔍 Детали: ET MALWARE Cobalt Strike beacon detected
        ⚡ Уровень: HIGH
        
   🌐 IP-адрес: 91.215.140.22
   📡 Протокол: HTTP
   ━━━━━━━━━━━━━━━━━━━━━━━━━━━━━━━━━

        ⚠️ УВЕДОМЛЕНИЕ ОБ УГРОЗЕ [2026-03-11 19:52:33]
        ━━━━━━━━━━━━━━━━━━━━━━━━━━━━━━━━━
        📋 Тип: IoC - IPv4
        📌 Источник: AlienVault OTX
        🔍 Детали: C2 Server
        ⚡ Уровень: HIGH
        
   ━━━━━━━━━━━━━━━━━━━━━━━━━━━━━━━━━

        ⚠️ УВЕДОМЛЕНИЕ ОБ УГРОЗЕ [2026-03-11 19:52:33]
        ━━━━━━━━━━━━━━━━━━━━━━━━━━━━━━━━━
        📋 Тип: IoC - domain
        📌 Источник: AlienVault OTX
        🔍 Детали: Malicious domain
        ⚡ Уровень: HIGH
        
   ━━━━━━━━━━━━━━━━━━━━━━━━━━━━━━━━━

        ⚠️ УВЕДОМЛЕНИЕ ОБ УГРОЗЕ [2026-03-11 19:52:33]
        ━━━━━━━━━━━━━━━━━━━━━━━━━━━━━━━━━
        📋 Тип: IoC - URL
        📌 Источник: AlienVault OTX
        🔍 Детали: Malware download
        ⚡ Уровень: HIGH
        
   ━━━━━━━━━━━━━━━━━━━━━━━━━━━━━━━━━

        ⚠️ УВЕДОМЛЕНИЕ ОБ УГРОЗЕ [2026-03-11 19:52:33]
        ━━━━━━━━━━━━━━━━━━━━━━━━━━━━━━━━━
        📋 Тип: Threat Intelligence
        📌 Источник: AlienVault OTX
        🔍 Детали: Massive phishing campaign targeting Russian banking customers
        ⚡ Уровень: HIGH
        
   🦠 Вредонос: Zeus, TrickBot
   🏷️ Теги: phishing, banking, credential-theft
   ━━━━━━━━━━━━━━━━━━━━━━━━━━━━━━━━━

        ⚠️ УВЕДОМЛЕНИЕ ОБ УГРОЗЕ [2026-03-11 19:52:33]
        ━━━━━━━━━━━━━━━━━━━━━━━━━━━━━━━━━
        📋 Тип: IoC - domain
        📌 Источник: AlienVault OTX
        🔍 Детали: Phishing site
        ⚡ Уровень: HIGH
        
   ━━━━━━━━━━━━━━━━━━━━━━━━━━━━━━━━━

        ⚠️ УВЕДОМЛЕНИЕ ОБ УГРОЗЕ [2026-03-11 19:52:33]
        ━━━━━━━━━━━━━━━━━━━━━━━━━━━━━━━━━
        📋 Тип: IoC - email
        📌 Источник: AlienVault OTX
        🔍 Детали: Phishing email
        ⚡ Уровень: HIGH
        
   ━━━━━━━━━━━━━━━━━━━━━━━━━━━━━━━━━

        ⚠️ УВЕДОМЛЕНИЕ ОБ УГРОЗЕ [2026-03-11 19:52:33]
        ━━━━━━━━━━━━━━━━━━━━━━━━━━━━━━━━━
        📋 Тип: Threat Intelligence
        📌 Источник: AlienVault OTX
        🔍 Детали: New Mirai variant targeting IoT devices in Russia
        ⚡ Уровень: HIGH
        
   🦠 Вредонос: Mirai, Gafgyt
   🏷️ Теги: ddos, botnet, iot
   ━━━━━━━━━━━━━━━━━━━━━━━━━━━━━━━━━

        ⚠️ УВЕДОМЛЕНИЕ ОБ УГРОЗЕ [2026-03-11 19:52:33]
        ━━━━━━━━━━━━━━━━━━━━━━━━━━━━━━━━━
        📋 Тип: IoC - IPv4
        📌 Источник: AlienVault OTX
        🔍 Детали: C2 Server
        ⚡ Уровень: HIGH
        
   ━━━━━━━━━━━━━━━━━━━━━━━━━━━━━━━━━

        ⚠️ УВЕДОМЛЕНИЕ ОБ УГРОЗЕ [2026-03-11 19:52:33]
        ━━━━━━━━━━━━━━━━━━━━━━━━━━━━━━━━━
        📋 Тип: IoC - IPv4
        📌 Источник: AlienVault OTX
        🔍 Детали: Scanning source
        ⚡ Уровень: HIGH
        
   ━━━━━━━━━━━━━━━━━━━━━━━━━━━━━━━━━

        ⚠️ УВЕДОМЛЕНИЕ ОБ УГРОЗЕ [2026-03-11 19:52:33]
        ━━━━━━━━━━━━━━━━━━━━━━━━━━━━━━━━━
        📋 Тип: Repeated Connections
        📌 Источник: Suricata
        🔍 Детали: IP 185.130.5.23 получил 2 подключений
        ⚡ Уровень: MEDIUM
        
   🌐 IP-адрес: 185.130.5.23
   ━━━━━━━━━━━━━━━━━━━━━━━━━━━━━━━━━

        ⚠️ УВЕДОМЛЕНИЕ ОБ УГРОЗЕ [2026-03-11 19:52:33]
        ━━━━━━━━━━━━━━━━━━━━━━━━━━━━━━━━━
        📋 Тип: Malicious Object Detected
        📌 Источник: VirusTotal
        🔍 Детали: Обнаружено 5 вредоносных детектов
        ⚡ Уровень: CRITICAL
        
   ━━━━━━━━━━━━━━━━━━━━━━━━━━━━━━━━━

        ⚠️ УВЕДОМЛЕНИЕ ОБ УГРОЗЕ [2026-03-11 19:52:33]
        ━━━━━━━━━━━━━━━━━━━━━━━━━━━━━━━━━
        📋 Тип: Threat Intelligence
        📌 Источник: AlienVault OTX
        🔍 Детали: Обнаружена новая кампария ransomware, targeting Russian organizations
        ⚡ Уровень: CRITICAL
        
   🦠 Вредонос: LockBit, BlackCat
   🏷️ Теги: ransomware, c2, phishing
   ━━━━━━━━━━━━━━━━━━━━━━━━━━━━━━━━━
